<html>
<body>
<pre>
<h1>µVision Build Log</h1>
<h2>Project:</h2>
I:\ECE 315\Project\S15-315-base\ECE315\ece353_base_project.uvprojx
Project File Date:  11/24/2015

<h2>Output:</h2>
Build target 'Target 1'
compiling main.c...
main.c(193): warning:  #1035-D: single-precision operand implicitly converted to double-precision
                        rightSonar = (unsigned int)(((float)rightHighCount * RIGHT_COUNT_FACTOR) / (float)rightSampleCount);
main.c(99): warning:  #177-D: variable "i" was declared but never referenced
        unsigned int i = 0;
main.c: 2 warnings, 0 errors
linking...
Program Size: Code=11036 RO-data=2944 RW-data=56 ZI-data=4120  
".\obj\ece353_base_project.axf" - 0 Error(s), 2 Warning(s).

<h2>Software Packages used:</h2>

Package Vendor: ARM
                http://www.keil.com/pack/ARM.CMSIS.4.1.1.pack
                ARM::CMSIS:CORE:3.30.0
                CMSIS (Cortex Microcontroller Software Interface Standard)
   * Component: CORE Version: 3.30.0

Package Vendor: Keil
                http://www.keil.com/pack/Keil.TM4C_DFP.1.0.0.pack
                Keil::Device:Startup:1.0.0
                Texas Instruments Tiva C Series Device Support and Examples
   * Component: Startup Version: 1.0.0

<h2>Collection of Component include folders:</h2>
  I:\ECE 315\Project\S15-315-base\ECE315\RTE
  C:\AppV\mdk_510\ARM\PACK\ARM\CMSIS\4.1.1\CMSIS\Include
  C:\AppV\mdk_510\ARM\PACK\Keil\TM4C_DFP\1.0.0\Device\Include\TM4C123

<h2>Collection of Component Files used:</h2>

   * Component: ARM::CMSIS:CORE:3.30.0
      Source file:   CMSIS\UserCodeTemplates\ARM\ITM_Retarget.c

   * Component: Keil::Device:Startup:1.0.0
      Include file:  Device\Include\TM4C123\TM4C123.h
      Source file:   Device\Source\ARM\startup_TM4C123.s
      Source file:   Device\Source\system_TM4C123.c
Load "I:\\ECE 315\\Project\\S15-315-base\\ECE315\\obj\\ece353_base_project.axf" 
Connecting: Mode=JTAG, Speed=1000000Hz
Erase Done.
Programming Done.
Verify OK.
</pre>
</body>
</html>
rCodeTemplates\ARM\ITM_Retarget.c

   * Component: Keil::Device:Startup:1.0.0
      Include file:  Device\Include\TM4C123\TM4C123.h
      Source file:   Device\Source\ARM\startup_TM4C123.s
      Source file:   Device\Source\system_TM4C123.c
e_project.axf" 
Connecting: Mode=JTAG, Speed=1000000Hz
Erase Done.
Programming Done.
Verify OK.
Load "I:\\ECE 315\\Project\\S15-315-base\\ECE315\\obj\\ece353_base_project.axf" 
Connecting: Mode=JTAG, Speed=1000000Hz
Erase Done.
Programming Done.
Verify OK.
 types
  void drv8833_right45();
..\include\drv8833.h(17): warning:  #1295-D: Deprecated declaration drv8833_left45 - give arg types
  void drv8833_left45();
..\drivers\lcd.c: 2 warnings, 0 errors
compiling fonts.c...
assembling startup_TM4C123.s...
compiling system_TM4C123.c...
linking...
Program Size: Code=11120 RO-data=2944 RW-data=52 ZI-data=4124  
".\obj\ece353_base_project.axf" - 0 Error(s), 16 Warning(s).

<h2>Software Packages used:</h2>

Package Vendor: ARM
                http://www.keil.com/pack/ARM.CMSIS.4.1.1.pack
                ARM::CMSIS:CORE:3.30.0
                CMSIS (Cortex Microcontroller Software Interface Standard)
   * Component: CORE Version: 3.30.0

Package Vendor: Keil
                http://www.keil.com/pack/Keil.TM4C_DFP.1.0.0.pack
                Keil::Device:Startup:1.0.0
                Texas Instruments Tiva C Series Device Support and Examples
   * Component: Startup Version: 1.0.0

<h2>Collection of Component include folders:</h2>
  I:\ECE 315\Project\S15-315-base\ECE315\RTE
  C:\AppV\mdk_510\ARM\PACK\ARM\CMSIS\4.1.1\CMSIS\Include
  C:\AppV\mdk_510\ARM\PACK\Keil\TM4C_DFP\1.0.0\Device\Include\TM4C123

<h2>Collection of Component Files used:</h2>

   * Component: ARM::CMSIS:CORE:3.30.0
      Source file:   CMSIS\UserCodeTemplates\ARM\ITM_Retarget.c

   * Component: Keil::Device:Startup:1.0.0
      Include file:  Device\Include\TM4C123\TM4C123.h
      Source file:   Device\Source\ARM\startup_TM4C123.s
      Source file:   Device\Source\system_TM4C123.c
